---
source: test-harness/src/harness.rs
expression: snapshot
info:
  kind:
    Translate:
      backend: coq
  info:
    name: let-else
    manifest: let-else/Cargo.toml
    description: ~
  spec:
    optional: false
    broken: false
    issue_id: ~
    positive: true
    snapshot:
      stderr: false
      stdout: true
    include_flag: ~
    backend_options: ~
---
exit = 1
[[stdout.diagnostics]]
message = """
(Coq printer generic printer) Fatal error: something we considered as impossible occurred! \u001B[1mPlease report this by submitting an issue on GitHub!\u001B[0m
Details: _do_not_override_lazy_of_global_ident: expected [`Concrete _] got [`TupleField ((1, 0))]"""
spans = ['Span { lo: Loc { line: 5, col: 4 }, hi: Loc { line: 5, col: 8 }, filename: Real(LocalPath("let-else/src/lib.rs")), rust_span_data: None }']

[[stdout.diagnostics]]
message = """
(Coq printer generic printer) Fatal error: something we considered as impossible occurred! \u001B[1mPlease report this by submitting an issue on GitHub!\u001B[0m
Details: _do_not_override_lazy_of_global_ident: expected [`Concrete _] got [`TupleField ((1, 0))]"""
spans = ['Span { lo: Loc { line: 4, col: 29 }, hi: Loc { line: 4, col: 41 }, filename: Real(LocalPath("let-else/src/lib.rs")), rust_span_data: None }']

[[stdout.diagnostics]]
message = """
(Coq printer generic printer) Fatal error: something we considered as impossible occurred! \u001B[1mPlease report this by submitting an issue on GitHub!\u001B[0m
Details: _do_not_override_lazy_of_global_ident: expected [`Concrete _] got [`TupleField ((1, 0))]"""
spans = ['Span { lo: Loc { line: 8, col: 57 }, hi: Loc { line: 13, col: 1 }, filename: Real(LocalPath("let-else/src/lib.rs")), rust_span_data: None }']

[[stdout.diagnostics]]
message = """
(Coq printer generic printer) Fatal error: something we considered as impossible occurred! \u001B[1mPlease report this by submitting an issue on GitHub!\u001B[0m
Details: _do_not_override_lazy_of_global_ident: expected [`Concrete _] got [`TupleField ((1, 0))]"""
spans = ['Span { lo: Loc { line: 11, col: 8 }, hi: Loc { line: 11, col: 19 }, filename: Real(LocalPath("let-else/src/lib.rs")), rust_span_data: None }']

[[stdout.diagnostics]]
message = """
(Coq printer generic printer) Fatal error: something we considered as impossible occurred! \u001B[1mPlease report this by submitting an issue on GitHub!\u001B[0m
Details: _do_not_override_lazy_of_global_ident: expected [`Concrete _] got [`TupleField ((1, 0))]"""
spans = ['Span { lo: Loc { line: 10, col: 33 }, hi: Loc { line: 10, col: 45 }, filename: Real(LocalPath("let-else/src/lib.rs")), rust_span_data: None }']

[stdout.files]
"Let_else.v" = '''
(* File automatically generated by Hacspec *)
From Coq Require Import ZArith.
Require Import List.
Import List.ListNotations.
Open Scope Z_scope.
Open Scope bool_scope.
Require Import Ascii.
Require Import String.
Require Import Coq.Floats.Floats.
From RecordUpdate Require Import RecordSet.
Import RecordSetNotations.
From Core Require Import Core.



(* NotImplementedYet *)

Definition let_else (opt : t_Option ((t_u32))) : bool :=
  run (match opt with
  | Option_Some (x) =>
    ((Coq printer generic printer) Fatal error: something we considered as impossible occurred! Please report this by submitting an issue on GitHub!
Details: _do_not_override_lazy_of_global_ident: expected [`Concrete _] got [`TupleField ((1, 0))](* ERROR_EXPR *))
  | _ =>
    ((Coq printer generic printer) Fatal error: something we considered as impossible occurred! Please report this by submitting an issue on GitHub!
Details: _do_not_override_lazy_of_global_ident: expected [`Concrete _] got [`TupleField ((1, 0))](* ERROR_EXPR *))
  end).

Definition let_else_different_type (opt : t_Option ((t_u32))) : bool :=
  run (let hoist1 := match opt with
  | Option_Some (x) =>
    ((Coq printer generic printer) Fatal error: something we considered as impossible occurred! Please report this by submitting an issue on GitHub!
Details: _do_not_override_lazy_of_global_ident: expected [`Concrete _] got [`TupleField ((1, 0))](* ERROR_EXPR *))
  | _ =>
    ((Coq printer generic printer) Fatal error: something we considered as impossible occurred! Please report this by submitting an issue on GitHub!
Details: _do_not_override_lazy_of_global_ident: expected [`Concrete _] got [`TupleField ((1, 0))](* ERROR_EXPR *))
  end in
  ((Coq printer generic printer) Fatal error: something we considered as impossible occurred! Please report this by submitting an issue on GitHub!
Details: _do_not_override_lazy_of_global_ident: expected [`Concrete _] got [`TupleField ((1, 0))](* ERROR_EXPR *))).
'''
_CoqProject = '''
-R ./ TODO
-arg -w
-arg all

Let_else.v'''
